################################################################################
#                                                                              #
#      IAR Universal Linker V6.4.6.89                                          #
#                                                                              #
#           Link time     =  05/Jun/2017  20:34:42                             #
#           Target CPU    =  MSP430                                            #
#           List file     =  C:\Users\casasbahia\Desktop\Digital2_Lab\Genius\D #
#                            ebug\List\Genius.map                              #
#           Output file 1 =  C:\Users\casasbahia\Desktop\Digital2_Lab\Genius\D #
#                            ebug\Exe\Genius.d43                               #
#                            Format: ubrof10                                   #
#                            UBROF version 10.0.6                              #
#                            Using library modules for C-SPY (-rt)             #
#           Command line  =  C:\Users\casasbahia\Desktop\Digital2_Lab\Genius\D #
#                            ebug\Obj\ad.r43                                   #
#                            C:\Users\casasbahia\Desktop\Digital2_Lab\Genius\D #
#                            ebug\Obj\lcd.r43                                  #
#                            C:\Users\casasbahia\Desktop\Digital2_Lab\Genius\D #
#                            ebug\Obj\main.r43                                 #
#                            C:\Users\casasbahia\Desktop\Digital2_Lab\Genius\D #
#                            ebug\Obj\timerPWM.r43                             #
#                            -o                                                #
#                            C:\Users\casasbahia\Desktop\Digital2_Lab\Genius\D #
#                            ebug\Exe\Genius.d43                               #
#                            -l                                                #
#                            C:\Users\casasbahia\Desktop\Digital2_Lab\Genius\D #
#                            ebug\List\Genius.map                              #
#                            -xms                                              #
#                            "-IC:\Program Files (x86)\IAR Systems\Embedded Wo #
#                            rkbench 7.4\430\LIB\"                             #
#                            -f                                                #
#                            "C:\Program Files (x86)\IAR Systems\Embedded Work #
#                            bench 7.4\430\config\linker\lnk430g2553.xcl"      #
#                            (-cmsp430 -QCODE_I=CODE_ID -QTLS16_I=TLS16_ID     #
#                            -Z(CONST)INFO=1000-10FF                           #
#                            -Z(CONST)INFOA=10C0-10FF                          #
#                            -Z(CONST)INFOB=1080-10BF                          #
#                            -Z(CONST)INFOC=1040-107F                          #
#                            -Z(CONST)INFOD=1000-103F                          #
#                            -Z(DATA)DATA16_I,DATA16_Z,DATA16_N,TLS16_I=0200-0 #
#                            3FF                                               #
#                            -Z(DATA)DATA16_HEAP+_DATA16_HEAP_SIZE             #
#                            -Z(DATA)CODE_I -Z(DATA)CSTACK+_STACK_SIZE#        #
#                            -Z(CONST)DATA16_C,DATA16_ID,TLS16_ID,DIFUNCT,CHEC #
#                            KSUM=C000-FFDD                                    #
#                            -Z(CODE)CSTART,ISR_CODE,CODE_ID=C000-FFDD         #
#                            -P(CODE)CODE=C000-FFDD                            #
#                            -Z(CONST)SIGNATURE=FFDE-FFDF                      #
#                            -Z(CODE)INTVEC=FFE0-FFFF                          #
#                            -Z(CODE)RESET=FFFE-FFFF) -D_STACK_SIZE=50 -rt     #
#                            "C:\Program Files (x86)\IAR Systems\Embedded Work #
#                            bench 7.4\430\lib\dlib\dl430fn.r43"               #
#                            -e_PrintfLarge=_Printf -e_ScanfLarge=_Scanf       #
#                            -D_DATA16_HEAP_SIZE=50 -s __program_start         #
#                            -D_DATA20_HEAP_SIZE=50                            #
#                                                                              #
#                           Copyright (C) 1987-2016 IAR Systems AB.            #
################################################################################





                ****************************************
                *                                      *
                *           CROSS REFERENCE            *
                *                                      *
                ****************************************

       Program entry at :           C084  Relocatable, from module : ?cstart




                ****************************************
                *                                      *
                *            RUNTIME MODEL             *
                *                                      *
                ****************************************

  __Heap_Handler             = Basic
  __SystemLibrary            = DLib
  __core                     = 430
  __dlib_file_descriptor     = 0
  __dlib_full_locale_support = 0
  __double_size              = 32
  __pic                      = no
  __reg_r4                   = free
  __reg_r5                   = free
  __rt_version               = 3

                ****************************************
                *                                      *
                *    AUTOMATIC SYMBOL REDIRECTIONS     *
                *                                      *
                ****************************************

                  There are no automatic symbol redirections.



                ****************************************
                *                                      *
                *              MODULE MAP              *
                *                                      *
                ****************************************


  DEFINED ABSOLUTE ENTRIES
    *************************************************************************

  DEFINED ABSOLUTE ENTRIES
  PROGRAM MODULE, NAME : ?ABS_ENTRY_MOD

Absolute parts
           ENTRY                   ADDRESS         REF BY
           =====                   =======         ======
           _DATA20_HEAP_SIZE       0050 
           _DATA16_HEAP_SIZE       0050 
           _STACK_SIZE             0050 
    *************************************************************************

  FILE NAME : C:\Users\casasbahia\Desktop\Digital2_Lab\Genius\Debug\Obj\ad.r43
  PROGRAM MODULE, NAME : ad

  SEGMENTS IN THE MODULE
  ======================
DATA16_AN
  Relative segment, address: 004A - 004A (0x1 bytes), align: 0
  Segment part 1. ROOT        Intra module refs:   ConfigAD
           ENTRY                   ADDRESS         REF BY
           =====                   =======         ======
           ADC10AE0                004A 
    -------------------------------------------------------------------------
DATA16_AN
  Relative segment, address: 01B0 - 01B1 (0x2 bytes), align: 0
  Segment part 2. ROOT        Intra module refs:   LeAD
           ENTRY                   ADDRESS         REF BY
           =====                   =======         ======
           _A_ADC10CTL0            01B0 
           LOCAL                   ADDRESS         
           =====                   =======         
           ADC10CTL0               01B0 
           ADC10CTL0_bit           01B0 
    -------------------------------------------------------------------------
DATA16_AN
  Relative segment, address: 01B2 - 01B3 (0x2 bytes), align: 0
  Segment part 3. ROOT        Intra module refs:   ConfigAD
                                                   LeAD
           ENTRY                   ADDRESS         REF BY
           =====                   =======         ======
           _A_ADC10CTL1            01B2 
           LOCAL                   ADDRESS         
           =====                   =======         
           ADC10CTL1               01B2 
           ADC10CTL1_bit           01B2 
    -------------------------------------------------------------------------
DATA16_AN
  Relative segment, address: 01B4 - 01B5 (0x2 bytes), align: 0
  Segment part 4. ROOT        Intra module refs:   LeAD
           ENTRY                   ADDRESS         REF BY
           =====                   =======         ======
           ADC10MEM                01B4 
    -------------------------------------------------------------------------
<CODE> 1 (was CODE)
  Relative segment, address: C9C4 - C9CF (0xc bytes), align: 1
  Segment part 6.
           ENTRY                   ADDRESS         REF BY
           =====                   =======         ======
           ConfigAD                C9C4            main (main)
    -------------------------------------------------------------------------
<CODE> 1 (was CODE)
  Relative segment, address: C608 - C663 (0x5c bytes), align: 1
  Segment part 7.
           ENTRY                   ADDRESS         REF BY
           =====                   =======         ======
           LeAD                    C608            lerPoten (main)
               calls direct

    *************************************************************************

  FILE NAME : C:\Users\casasbahia\Desktop\Digital2_Lab\Genius\Debug\Obj\lcd.r43
  PROGRAM MODULE, NAME : lcd

  SEGMENTS IN THE MODULE
  ======================
DATA16_AN
  Relative segment, address: 0029 - 0029 (0x1 bytes), align: 0
  Segment part 1. ROOT        Intra module refs:   InitLCD
                                                   LCDChar
                                                   LCDCmd
                                                   sendnibble
           ENTRY                   ADDRESS         REF BY
           =====                   =======         ======
           _A_P2OUT                0029 
           LOCAL                   ADDRESS         
           =====                   =======         
           P2OUT                   0029 
           P2OUT_bit               0029 
    -------------------------------------------------------------------------
DATA16_AN
  Relative segment, address: 002A - 002A (0x1 bytes), align: 0
  Segment part 2. ROOT        Intra module refs:   InitLCD
           ENTRY                   ADDRESS         REF BY
           =====                   =======         ======
           _A_P2DIR                002A 
           LOCAL                   ADDRESS         
           =====                   =======         
           P2DIR                   002A 
           P2DIR_bit               002A 
    -------------------------------------------------------------------------
<CODE> 1 (was CODE)
  Relative segment, address: C924 - C945 (0x22 bytes), align: 1
  Segment part 6.             Intra module refs:   InitLCD
                                                   LCDPrintXYStr
           ENTRY                   ADDRESS         REF BY
           =====                   =======         ======
           LCDCmd                  C924 
               calls direct
    -------------------------------------------------------------------------
<CODE> 1 (was CODE)
  Relative segment, address: C73A - C771 (0x38 bytes), align: 1
  Segment part 5.             Intra module refs:   InitLCD
                                                   LCDChar
                                                   LCDCmd
           ENTRY                   ADDRESS         REF BY
           =====                   =======         ======
           sendnibble              C73A 
               calls direct
    -------------------------------------------------------------------------
<CODE> 1 (was CODE)
  Relative segment, address: C59C - C607 (0x6c bytes), align: 1
  Segment part 7.
           ENTRY                   ADDRESS         REF BY
           =====                   =======         ======
           InitLCD                 C59C            main (main)
               calls direct
    -------------------------------------------------------------------------
<CODE> 1 (was CODE)
  Relative segment, address: C9B6 - C9C3 (0xe bytes), align: 1
  Segment part 4.             Intra module refs:   InitLCD
                                                   sendnibble
           ENTRY                   ADDRESS         REF BY
           =====                   =======         ======
           delayLCD                C9B6 
    -------------------------------------------------------------------------
<CODE> 1 (was CODE)
  Relative segment, address: C83A - C863 (0x2a bytes), align: 1
  Segment part 10.
           ENTRY                   ADDRESS         REF BY
           =====                   =======         ======
           LCDPrintXYStr           C83A            funcao_pause (main)
                                                   main (main)
               calls direct
    -------------------------------------------------------------------------
<CODE> 1 (was CODE)
  Relative segment, address: C95E - C971 (0x14 bytes), align: 1
  Segment part 9.             Intra module refs:   LCDPrintXYStr
           ENTRY                   ADDRESS         REF BY
           =====                   =======         ======
           LCDPrintStr             C95E 
               calls direct
    -------------------------------------------------------------------------
<CODE> 1 (was CODE)
  Relative segment, address: C3CC - C4AB (0xe0 bytes), align: 1
  Segment part 11.
           ENTRY                   ADDRESS         REF BY
           =====                   =======         ======
           LCDPrintVal             C3CC            main (main)
               calls direct
    -------------------------------------------------------------------------
<CODE> 1 (was CODE)
  Relative segment, address: C902 - C923 (0x22 bytes), align: 1
  Segment part 8.             Intra module refs:   LCDPrintStr
                                                   LCDPrintVal
           ENTRY                   ADDRESS         REF BY
           =====                   =======         ======
           LCDChar                 C902 
               calls direct

    *************************************************************************

  FILE NAME : C:\Users\casasbahia\Desktop\Digital2_Lab\Genius\Debug\Obj\main.r43
  PROGRAM MODULE, NAME : main

  SEGMENTS IN THE MODULE
  ======================
DATA16_AN
  Relative segment, address: 0021 - 0021 (0x1 bytes), align: 0
  Segment part 1. ROOT        Intra module refs:   main
                                                   piscaAmarelo
                                                   piscaVermelho
           ENTRY                   ADDRESS         REF BY
           =====                   =======         ======
           P1OUT                   0021 
    -------------------------------------------------------------------------
DATA16_AN
  Relative segment, address: 0022 - 0022 (0x1 bytes), align: 0
  Segment part 2. ROOT        Intra module refs:   ConfigPWM (timerPWM)
                                                   main
           ENTRY                   ADDRESS         REF BY
           =====                   =======         ======
           P1DIR                   0022 
    -------------------------------------------------------------------------
DATA16_AN
  Relative segment, address: 0027 - 0027 (0x1 bytes), align: 0
  Segment part 3. ROOT        Intra module refs:   main
           ENTRY                   ADDRESS         REF BY
           =====                   =======         ======
           P1REN                   0027 
    -------------------------------------------------------------------------
DATA16_AN
  Relative segment, address: 0028 - 0028 (0x1 bytes), align: 0
  Segment part 4. ROOT        Intra module refs:   funcao_pause
           ENTRY                   ADDRESS         REF BY
           =====                   =======         ======
           P2IN                    0028 
    -------------------------------------------------------------------------
DATA16_AN
  Relative segment, address: 002B - 002B (0x1 bytes), align: 0
  Segment part 5. ROOT        Intra module refs:   funcao_pause
                                                   main
           ENTRY                   ADDRESS         REF BY
           =====                   =======         ======
           P2IFG                   002B 
    -------------------------------------------------------------------------
DATA16_AN
  Relative segment, address: 002C - 002C (0x1 bytes), align: 0
  Segment part 6. ROOT        Intra module refs:   main
           ENTRY                   ADDRESS         REF BY
           =====                   =======         ======
           P2IES                   002C 
    -------------------------------------------------------------------------
DATA16_AN
  Relative segment, address: 002D - 002D (0x1 bytes), align: 0
  Segment part 7. ROOT        Intra module refs:   main
           ENTRY                   ADDRESS         REF BY
           =====                   =======         ======
           P2IE                    002D 
    -------------------------------------------------------------------------
DATA16_AN
  Relative segment, address: 002E - 002E (0x1 bytes), align: 0
  Segment part 8. ROOT        Intra module refs:   main
           ENTRY                   ADDRESS         REF BY
           =====                   =======         ======
           P2SEL                   002E 
    -------------------------------------------------------------------------
DATA16_AN
  Relative segment, address: 0042 - 0042 (0x1 bytes), align: 0
  Segment part 9. ROOT        Intra module refs:   main
           ENTRY                   ADDRESS         REF BY
           =====                   =======         ======
           P2SEL2                  0042 
    -------------------------------------------------------------------------
DATA16_AN
  Relative segment, address: 002F - 002F (0x1 bytes), align: 0
  Segment part 10. ROOT       Intra module refs:   main
           ENTRY                   ADDRESS         REF BY
           =====                   =======         ======
           P2REN                   002F 
    -------------------------------------------------------------------------
DATA16_AN
  Relative segment, address: 0120 - 0121 (0x2 bytes), align: 0
  Segment part 11. ROOT       Intra module refs:   main
           ENTRY                   ADDRESS         REF BY
           =====                   =======         ======
           WDTCTL                  0120 
    -------------------------------------------------------------------------
DATA16_Z
  Relative segment, address: 0204 - 0207 (0x4 bytes), align: 1
  Segment part 25.            Intra module refs:   converte
           ENTRY                   ADDRESS         REF BY
           =====                   =======         ======
           aux                     0204 
    -------------------------------------------------------------------------
DATA16_Z
  Relative segment, address: 0208 - 0209 (0x2 bytes), align: 1
  Segment part 26.            Intra module refs:   converte
           ENTRY                   ADDRESS         REF BY
           =====                   =======         ======
           tensao                  0208 
    -------------------------------------------------------------------------
DATA16_Z
  Relative segment, address: 020A - 020B (0x2 bytes), align: 1
  Segment part 27.            Intra module refs:   lerPoten
                                                   main
           ENTRY                   ADDRESS         REF BY
           =====                   =======         ======
           p1                      020A 
    -------------------------------------------------------------------------
DATA16_Z
  Relative segment, address: 020C - 020D (0x2 bytes), align: 1
  Segment part 28.            Intra module refs:   lerPoten
                                                   main
           ENTRY                   ADDRESS         REF BY
           =====                   =======         ======
           p2                      020C 
    -------------------------------------------------------------------------
DATA16_Z
  Relative segment, address: 02B8 - 02B8 (0x1 bytes), align: 0
  Segment part 29.            Intra module refs:   main
           ENTRY                   ADDRESS         REF BY
           =====                   =======         ======
           pontuacao               02B8 
    -------------------------------------------------------------------------
DATA16_Z
  Relative segment, address: 02B9 - 02B9 (0x1 bytes), align: 0
  Segment part 30.            Intra module refs:   main
           ENTRY                   ADDRESS         REF BY
           =====                   =======         ======
           sair                    02B9 
    -------------------------------------------------------------------------
DATA16_Z
  Relative segment, address: 020E - 020F (0x2 bytes), align: 1
  Segment part 31.            Intra module refs:   main
           ENTRY                   ADDRESS         REF BY
           =====                   =======         ======
           nivel                   020E 
    -------------------------------------------------------------------------
DATA16_Z
  Relative segment, address: 0210 - 0211 (0x2 bytes), align: 1
  Segment part 32.            Intra module refs:   main
           ENTRY                   ADDRESS         REF BY
           =====                   =======         ======
           aleatorio               0210 
    -------------------------------------------------------------------------
DATA16_Z
  Relative segment, address: 0212 - 0225 (0x14 bytes), align: 1
  Segment part 33.            Intra module refs:   main
           ENTRY                   ADDRESS         REF BY
           =====                   =======         ======
           verCores                0212 
    -------------------------------------------------------------------------
DATA16_Z
  Relative segment, address: 0226 - 0227 (0x2 bytes), align: 1
  Segment part 34.            Intra module refs:   main
           ENTRY                   ADDRESS         REF BY
           =====                   =======         ======
           i                       0226 
    -------------------------------------------------------------------------
DATA16_Z
  Relative segment, address: 0228 - 0229 (0x2 bytes), align: 1
  Segment part 35.            Intra module refs:   main
           ENTRY                   ADDRESS         REF BY
           =====                   =======         ======
           j                       0228 
    -------------------------------------------------------------------------
DATA16_Z
  Relative segment, address: 022A - 022B (0x2 bytes), align: 1
  Segment part 36.            Intra module refs:   main
           ENTRY                   ADDRESS         REF BY
           =====                   =======         ======
           cor                     022A 
    -------------------------------------------------------------------------
DATA16_Z
  Relative segment, address: 022C - 022D (0x2 bytes), align: 1
  Segment part 37.            Intra module refs:   acertou
                                                   errou
           ENTRY                   ADDRESS         REF BY
           =====                   =======         ======
           periodo                 022C 
    -------------------------------------------------------------------------
DATA16_Z
  Relative segment, address: 022E - 022F (0x2 bytes), align: 1
  Segment part 38.            Intra module refs:   acertou
                                                   errou
           ENTRY                   ADDRESS         REF BY
           =====                   =======         ======
           ton                     022E 
    -------------------------------------------------------------------------
<CODE> 1 (was CODE)
  Relative segment, address: C6B6 - C6FF (0x4a bytes), align: 1
  Segment part 39.            Intra module refs:   lerPoten
           ENTRY                   ADDRESS         REF BY
           =====                   =======         ======
           converte                C6B6 
               calls direct
    -------------------------------------------------------------------------
<CODE> 1 (was CODE)
  Relative segment, address: C7AA - C7D9 (0x30 bytes), align: 1
  Segment part 40.            Intra module refs:   main
           ENTRY                   ADDRESS         REF BY
           =====                   =======         ======
           lerPoten                C7AA 
               calls direct
    -------------------------------------------------------------------------
<CODE> 1 (was CODE)
  Relative segment, address: C864 - C88D (0x2a bytes), align: 1
  Segment part 41.            Intra module refs:   main
           ENTRY                   ADDRESS         REF BY
           =====                   =======         ======
           piscaAmarelo            C864 
    -------------------------------------------------------------------------
<CODE> 1 (was CODE)
  Relative segment, address: C88E - C8B7 (0x2a bytes), align: 1
  Segment part 42.            Intra module refs:   main
           ENTRY                   ADDRESS         REF BY
           =====                   =======         ======
           piscaVermelho           C88E 
    -------------------------------------------------------------------------
<CODE> 1 (was CODE)
  Relative segment, address: C664 - C6B5 (0x52 bytes), align: 1
  Segment part 43.            Intra module refs:   main
           ENTRY                   ADDRESS         REF BY
           =====                   =======         ======
           acertou                 C664 
               calls direct
    -------------------------------------------------------------------------
<CODE> 1 (was CODE)
  Relative segment, address: C700 - C739 (0x3a bytes), align: 1
  Segment part 44.            Intra module refs:   main
           ENTRY                   ADDRESS         REF BY
           =====                   =======         ======
           errou                   C700 
               calls direct
    -------------------------------------------------------------------------
<CODE> 1 (was CODE)
  Relative segment, address: C0AC - C3CB (0x320 bytes), align: 1
  Segment part 45.
           ENTRY                   ADDRESS         REF BY
           =====                   =======         ======
           main                    C0AC            Segment part 18 (?cstart)
               calls direct
    -------------------------------------------------------------------------
<CODE> 1 (was CODE)
  Relative segment, address: C530 - C59B (0x6c bytes), align: 1
  Segment part 46.            Intra module refs:   funcao_pause::??INTVEC 6
           ENTRY                   ADDRESS         REF BY
           =====                   =======         ======
           funcao_pause            C530 
               interrupt function
               calls direct
    -------------------------------------------------------------------------
INTVEC
  Common segment, address: FFE0 - FFE7 (0x8 bytes), align: 1
  Segment part 12. ROOT 
           ENTRY                   ADDRESS         REF BY
           =====                   =======         ======
           funcao_pause::??INTVEC 6
                                   FFE6 
    -------------------------------------------------------------------------
DATA16_C
  Relative segment, address: C000 - C010 (0x11 bytes), align: 0
  Segment part 14.            Intra module refs:   funcao_pause
                                                   main
    -------------------------------------------------------------------------
DATA16_C
  Relative segment, address: C011 - C01B (0xb bytes), align: 0
  Segment part 15.            Intra module refs:   main
    -------------------------------------------------------------------------
DATA16_C
  Relative segment, address: C01C - C022 (0x7 bytes), align: 0
  Segment part 16.            Intra module refs:   main
    -------------------------------------------------------------------------
DATA16_C
  Relative segment, address: C023 - C02E (0xc bytes), align: 0
  Segment part 17.            Intra module refs:   main
    -------------------------------------------------------------------------
DATA16_C
  Relative segment, address: C02F - C037 (0x9 bytes), align: 0
  Segment part 18.            Intra module refs:   main
    -------------------------------------------------------------------------
DATA16_C
  Relative segment, address: C038 - C041 (0xa bytes), align: 0
  Segment part 19.            Intra module refs:   main
    -------------------------------------------------------------------------
DATA16_C
  Relative segment, address: C042 - C04A (0x9 bytes), align: 0
  Segment part 20.            Intra module refs:   main
    -------------------------------------------------------------------------
DATA16_C
  Relative segment, address: C04B - C058 (0xe bytes), align: 0
  Segment part 21.            Intra module refs:   main
    -------------------------------------------------------------------------
DATA16_C
  Relative segment, address: C059 - C060 (0x8 bytes), align: 0
  Segment part 22.            Intra module refs:   main
    -------------------------------------------------------------------------
DATA16_C
  Relative segment, address: C061 - C06E (0xe bytes), align: 0
  Segment part 23.            Intra module refs:   main
    -------------------------------------------------------------------------
DATA16_C
  Relative segment, address: C06F - C07F (0x11 bytes), align: 0
  Segment part 24.            Intra module refs:   funcao_pause

    *************************************************************************

  FILE NAME : C:\Users\casasbahia\Desktop\Digital2_Lab\Genius\Debug\Obj\timerPWM.r43
  PROGRAM MODULE, NAME : timerPWM

  SEGMENTS IN THE MODULE
  ======================
DATA16_AN
  Relative segment, address: 0026 - 0026 (0x1 bytes), align: 0
  Segment part 2. ROOT        Intra module refs:   ConfigPWM
           ENTRY                   ADDRESS         REF BY
           =====                   =======         ======
           P1SEL                   0026 
    -------------------------------------------------------------------------
DATA16_AN
  Relative segment, address: 0160 - 0161 (0x2 bytes), align: 0
  Segment part 3. ROOT        Intra module refs:   ConfigPWM
           ENTRY                   ADDRESS         REF BY
           =====                   =======         ======
           TA0CTL                  0160 
    -------------------------------------------------------------------------
DATA16_AN
  Relative segment, address: 0164 - 0165 (0x2 bytes), align: 0
  Segment part 4. ROOT        Intra module refs:   ConfigPWM
           ENTRY                   ADDRESS         REF BY
           =====                   =======         ======
           TA0CCTL1                0164 
    -------------------------------------------------------------------------
DATA16_AN
  Relative segment, address: 0172 - 0173 (0x2 bytes), align: 0
  Segment part 5. ROOT        Intra module refs:   AtualizaTonPWM
                                                   ConfigPWM
           ENTRY                   ADDRESS         REF BY
           =====                   =======         ======
           TA0CCR0                 0172 
    -------------------------------------------------------------------------
DATA16_AN
  Relative segment, address: 0174 - 0175 (0x2 bytes), align: 0
  Segment part 6. ROOT        Intra module refs:   AtualizaTonPWM
                                                   ConfigPWM
           ENTRY                   ADDRESS         REF BY
           =====                   =======         ======
           TA0CCR1                 0174 
    -------------------------------------------------------------------------
<CODE> 1 (was CODE)
  Relative segment, address: C8DE - C901 (0x24 bytes), align: 1
  Segment part 8.
           ENTRY                   ADDRESS         REF BY
           =====                   =======         ======
           ConfigPWM               C8DE            acertou (main)
                                                   errou (main)
    -------------------------------------------------------------------------
<CODE> 1 (was CODE)
  Relative segment, address: C9A6 - C9B5 (0x10 bytes), align: 1
  Segment part 9.
           ENTRY                   ADDRESS         REF BY
           =====                   =======         ======
           AtualizaTonPWM          C9A6            acertou (main)
                                                   errou (main)

    *************************************************************************

  FILE NAME : C:\Program Files (x86)\IAR Systems\Embedded Workbench 7.4\430\lib\dlib\dl430fn.r43
  LIBRARY MODULE, NAME : ?__dbg_break

  SEGMENTS IN THE MODULE
  ======================
<CODE> 1 (was CODE)
  Relative segment, address: C9DC - C9DD (0x2 bytes), align: 1
  Segment part 2.
           ENTRY                   ADDRESS         REF BY
           =====                   =======         ======
           __DebugBreak            C9DC            __exit (?__exit)

    -------------------------------------------------------------------------
  LIBRARY MODULE, NAME : ?__exit

  SEGMENTS IN THE MODULE
  ======================
<CODE> 1 (was CODE)
  Relative segment, address: C972 - C983 (0x12 bytes), align: 1
  Segment part 2.
           ENTRY                   ADDRESS         REF BY
           =====                   =======         ======
           __exit                  C972            Segment part 6 (?_exit)
                                                   _exit (?_exit)
               calls direct

    -------------------------------------------------------------------------
  LIBRARY MODULE, NAME : ?_exit

  SEGMENTS IN THE MODULE
  ======================
<CODE> 1 (was CODE)
  Relative segment, address: C9D8, align: 1
  Segment part 0.
           ENTRY                   ADDRESS         REF BY
           =====                   =======         ======
           _exit                   C9D8            exit (?exit)
    -------------------------------------------------------------------------
<CODE> 1 (was CODE)
  Relative segment, address: C9D8 - C9DB (0x4 bytes), align: 1
  Segment part 6.             Intra module refs:   _exit

    -------------------------------------------------------------------------
  LIBRARY MODULE, NAME : ?cstart

  SEGMENTS IN THE MODULE
  ======================
CSTACK
  Relative segment, address: 03B0, align: 1
  Segment part 1.
    -------------------------------------------------------------------------
DATA16_Z
  Relative segment, address: 0230, align: 1
  Segment part 2.
    -------------------------------------------------------------------------
DATA16_I
  Relative segment, address: 0200, align: 1
  Segment part 3.
    -------------------------------------------------------------------------
DATA16_ID
  Relative segment, address: C080, align: 1
  Segment part 4.
    -------------------------------------------------------------------------
CSTART
  Relative segment, address: C084 - C087 (0x4 bytes), align: 1
  Segment part 9.
           ENTRY                   ADDRESS         REF BY
           =====                   =======         ======
           __program_start         C084            ?reset_vector (?reset_vector)
                                                   Absolute parts (?ABS_ENTRY_MOD)
           ?cstart_begin           C084 
    -------------------------------------------------------------------------
CSTART
  Relative segment, address: C088 - C093 (0xc bytes), align: 1
  Segment part 13.
           ENTRY                   ADDRESS         REF BY
           =====                   =======         ======
           ?cstart_init_zero       C088            Segment part 7 (?rand)
                                                   Segment part 9 (?rand)
                                                   _Randinit (?rand)
                                                   __iar_Tls_setup__Randinit (?rand)
                                                   __iar_Tls_setup__Randseed (?rand)
                                                   aleatorio (main)
                                                   aux (main)
                                                   cor (main)
                                                   i (main)
                                                   j (main)
                                                   nivel (main)
                                                   p1 (main)
                                                   p2 (main)
                                                   periodo (main)
                                                   pontuacao (main)
                                                   sair (main)
                                                   tensao (main)
                                                   ton (main)
                                                   verCores (main)
    -------------------------------------------------------------------------
CSTART
  Relative segment, address: C094 - C0A3 (0x10 bytes), align: 1
  Segment part 14.
           ENTRY                   ADDRESS         REF BY
           =====                   =======         ======
           ?cstart_init_copy       C094            _Randseed (?rand)
    -------------------------------------------------------------------------
CSTART
  Relative segment, address: C0A4 - C0AB (0x8 bytes), align: 1
  Segment part 18.            Intra module refs:   Segment part 9
           ENTRY                   ADDRESS         REF BY
           =====                   =======         ======
           ?cstart_call_main       C0A4 
           ?cstart_end             C0AC 

    -------------------------------------------------------------------------
  LIBRARY MODULE, NAME : ?reset_vector

  SEGMENTS IN THE MODULE
  ======================
RESET
  Relative segment, address: FFFE - FFFF (0x2 bytes), align: 1
  Segment part 0.
           ENTRY                   ADDRESS         REF BY
           =====                   =======         ======
           ?reset_vector           FFFE            Segment part 9 (?cstart)

    -------------------------------------------------------------------------
  LIBRARY MODULE, NAME : ?exit

  SEGMENTS IN THE MODULE
  ======================
<CODE> 1 (was CODE)
  Relative segment, address: C9D4 - C9D7 (0x4 bytes), align: 1
  Segment part 2.
           ENTRY                   ADDRESS         REF BY
           =====                   =======         ======
           exit                    C9D4            Segment part 18 (?cstart)
               calls direct

    -------------------------------------------------------------------------
  LIBRARY MODULE, NAME : ?Mul32

  SEGMENTS IN THE MODULE
  ======================
<CODE> 1 (was CODE)
  Relative segment, address: C80A - C839 (0x30 bytes), align: 1
  Segment part 0.
           ENTRY                   ADDRESS         REF BY
           =====                   =======         ======
           ?Mul32                  C80A            Segment part 12 (?rand)
                                                   converte (main)

    -------------------------------------------------------------------------
  LIBRARY MODULE, NAME : ?DivMod816u

  SEGMENTS IN THE MODULE
  ======================
<CODE> 1 (was CODE)
  Relative segment, address: C946 - C95D (0x18 bytes), align: 1
  Segment part 1.
           ENTRY                   ADDRESS         REF BY
           =====                   =======         ======
           ?DivMod16u              C946            ?DivMod16s (?DivMod816s)
                                                   LCDPrintVal (lcd)

    -------------------------------------------------------------------------
  LIBRARY MODULE, NAME : ?DivMod816s

  SEGMENTS IN THE MODULE
  ======================
<CODE> 1 (was CODE)
  Relative segment, address: C7DA - C809 (0x30 bytes), align: 1
  Segment part 1.
           ENTRY                   ADDRESS         REF BY
           =====                   =======         ======
           ?DivMod16s              C7DA            main (main)

    -------------------------------------------------------------------------
  LIBRARY MODULE, NAME : ?DivMod32u

  SEGMENTS IN THE MODULE
  ======================
<CODE> 1 (was CODE)
  Relative segment, address: C772 - C7A9 (0x38 bytes), align: 1
  Segment part 0.
           ENTRY                   ADDRESS         REF BY
           =====                   =======         ======
           ?DivMod32u              C772            LeAD (ad)
                                                   converte (main)

    -------------------------------------------------------------------------
  LIBRARY MODULE, NAME : ?memcpy

  SEGMENTS IN THE MODULE
  ======================
<CODE> 1 (was CODE)
  Relative segment, address: C984 - C995 (0x12 bytes), align: 1
  Segment part 2.
           ENTRY                   ADDRESS         REF BY
           =====                   =======         ======
           memcpy                  C984            __data16_memcpy (?memzero)

    -------------------------------------------------------------------------
  LIBRARY MODULE, NAME : ?memzero

  SEGMENTS IN THE MODULE
  ======================
<CODE> 1 (was CODE)
  Relative segment, address: C996 - C9A5 (0x10 bytes), align: 1
  Segment part 2.
           ENTRY                   ADDRESS         REF BY
           =====                   =======         ======
           __data16_memzero        C996            ?cstart_init_zero (?cstart)
    -------------------------------------------------------------------------
<CODE> 1 (was CODE)
  Relative segment, address: C9D0 - C9D3 (0x4 bytes), align: 1
  Segment part 3.
           ENTRY                   ADDRESS         REF BY
           =====                   =======         ======
           __data16_memcpy         C9D0            ?cstart_init_copy (?cstart)
               calls direct

    -------------------------------------------------------------------------
  LIBRARY MODULE, NAME : ?rand

  SEGMENTS IN THE MODULE
  ======================
DATA16_Z
  Relative segment, address: 02BA - 02BA (0x1 bytes), align: 0
  Segment part 2.             Intra module refs:   rand
           ENTRY                   ADDRESS         REF BY
           =====                   =======         ======
           _Randinit               02BA 
    -------------------------------------------------------------------------
DATA16_Z
  Relative segment, address: 0230 - 0231 (0x2 bytes), align: 1
  Segment part 3.             Intra module refs:   rand
           ENTRY                   ADDRESS         REF BY
           =====                   =======         ======
           __iar_Tls_setup__Randinit
                                   0230 
    -------------------------------------------------------------------------
DATA16_I
  Relative segment, address: 0200 - 0203 (0x4 bytes), align: 1
  Segment part 4.             Intra module refs:   Segment part 12
           ENTRY                   ADDRESS         REF BY
           =====                   =======         ======
           _Randseed               0200 
    -------------------------------------------------------------------------
DATA16_Z
  Relative segment, address: 0232 - 0233 (0x2 bytes), align: 1
  Segment part 6.             Intra module refs:   rand
           ENTRY                   ADDRESS         REF BY
           =====                   =======         ======
           __iar_Tls_setup__Randseed
                                   0232 
    -------------------------------------------------------------------------
DATA16_Z
  Relative segment, address: 0234 - 0237 (0x4 bytes), align: 1
  Segment part 7.             Intra module refs:   rand
    -------------------------------------------------------------------------
DATA16_Z
  Relative segment, address: 0238 - 02B7 (0x80 bytes), align: 1
  Segment part 9.             Intra module refs:   rand
    -------------------------------------------------------------------------
<CODE> 1 (was CODE)
  Relative segment, address: C4AC - C52F (0x84 bytes), align: 1
  Segment part 11.
           ENTRY                   ADDRESS         REF BY
           =====                   =======         ======
           rand                    C4AC            main (main)
               calls direct and indirect
    -------------------------------------------------------------------------
<CODE> 1 (was CODE)
  Relative segment, address: C8B8 - C8DD (0x26 bytes), align: 1
  Segment part 12.            Intra module refs:   rand
    -------------------------------------------------------------------------
DATA16_ID
  Relative segment, address: C080 - C083 (0x4 bytes), align: 1
  Segment part 5.             Intra module refs:   _Randseed




                ****************************************
                *                                      *
                *      SEGMENTS IN ADDRESS ORDER       *
                *                                      *
                ****************************************


SEGMENT              SPACE    START ADDRESS   END ADDRESS     SIZE  TYPE  ALIGN
=======              =====    =============   ===========     ====  ====  =====
DATA16_AN                              0021 - 0022               2   rel    0
                                       0026 - 002F               A 
                                       0042 - 0042               1 
                                       004A - 004A               1 
                                       0120 - 0121               2 
                                       0160 - 0161               2 
                                       0164 - 0165               2 
                                       0172 - 0175               4 
                                       01B0 - 01B5               6 
DATA16_I                               0200 - 0203               4   rel    1
DATA16_Z                               0204 - 02BA              B7   rel    1
CSTACK                                 03B0 - 03FF              50   rel    1
DATA16_C                               C000 - C07F              80   rel    0
DATA16_ID                              C080 - C083               4   rel    1
CSTART                                 C084 - C0AB              28   rel    1
<CODE> 1                               C0AC - C9DD             932   rel    1
INTVEC                                 FFE0 - FFE7               8   com    1
RESET                                  FFFE - FFFF               2   rel    1

                ****************************************
                *                                      *
                *        END OF CROSS REFERENCE        *
                *                                      *
                ****************************************

 2 404 bytes of CODE  memory
   267 bytes of DATA  memory (+ 30 absolute )
   132 bytes of CONST memory

Errors: none
Warnings: none

